// Jest Snapshot v1, https://goo.gl/fbAQLP

exports[`App should render logo 1`] = `
<div
  className="App"
>
  <styled.header
    color="#9bc"
  >
    <ReactComponent
      className="App-logo"
    />
    <p>
      Edit 
      <code>
        src/App.tsx
      </code>
       and save to reload.
    </p>
    <a
      className="App-link"
      href="https://reactjs.org"
      rel="noopener noreferrer"
      target="_blank"
    >
      Learn React
    </a>
    <p>
      Speaking: 
      Human is here
      <button
        onClick={[Function]}
      >
        Toggle
      </button>
    </p>
  </styled.header>
</div>
`;
